Script started on 2020-03-20 15:44:24-06:00
]0;brandon.nguyen1@csa1:~/as4brandon.nguyen1@csa1:~/as4$ gdb s[Kassign34[K[K4
GNU gdb (GDB) Fedora 8.1.1-4.fc28
Copyright (C) 2018 Free Software Foundation, Inc.
License GPLv3+: GNU GPL version 3 or later <http://gnu.org/licenses/gpl.html>
This is free software: you are free to change and redistribute it.
There is NO WARRANTY, to the extent permitted by law.  Type "show copying"
and "show warranty" for details.
This GDB was configured as "aarch64-redhat-linux-gnu".
Type "show configuration" for configuration details.
For bug reporting instructions, please see:
<http://www.gnu.org/software/gdb/bugs/>.
Find the GDB manual and other documentation resources online at:
<http://www.gnu.org/software/gdb/documentation/>.
For help, type "help".
Type "apropos word" to search for commands related to "word"...
Reading symbols from assign4...(no debugging symbols found)...done.
(gdb) b main 
Breakpoint 1 at 0x4007e4
(gdb) b newPyramid
Breakpoint 2 at 0x400660
(gdb) b relocate
Breakpoint 3 at 0x4007ac
(gdb) b expand
Breakpoint 4 at 0x400760
(gdb) b eau[K[KqualSize
Breakpoint 5 at 0x400710
(gdb) b printPyramdi[K[Kid
Breakpoint 6 at 0x4006d8
(gdb) display $pc
1: $pc = <error: No registers.>
(gdb) r
Starting program: /home/ugd/brandon.nguyen1/as4/assign4 
warning: the debug information found in "/usr/lib/debug//usr/lib64/ld-2.27.so.debug" does not match "/lib/ld-linux-aarch64.so.1" (CRC mismatch).

Missing separate debuginfos, use: dnf debuginfo-install glibc-2.27-38.fc28.aarch64
warning: the debug information found in "/usr/lib/debug//lib64/libc-2.27.so.debug" does not match "/lib64/libc.so.6" (CRC mismatch).

warning: the debug information found in "/usr/lib/debug//usr/lib64/libc-2.27.so.debug" does not match "/lib64/libc.so.6" (CRC mismatch).


Breakpoint 1, 0x00000000004007e4 in main ()
1: $pc = (void (*)()) 0x4007e4 <main+24>
(gdb) c
Continuing.

Breakpoint 2, 0x0000000000400660 in newPyramid ()
1: $pc = (void (*)()) 0x400660 <newPyramid+12>
(gdb) c
Continuing.

Breakpoint 2, 0x0000000000400660 in newPyramid ()
1: $pc = (void (*)()) 0x400660 <newPyramid+12>
(gdb) c
Continuing.

Initial pyramid values:

Breakpoint 6, 0x00000000004006d8 in printPyramid ()
1: $pc = (void (*)()) 0x4006d8 <printPyramid+20>
(gdb) c
Continuing.
Pyramid khafre
	Center = (0, 0) 
	Base width = 10 Base length = 10
	Height = 9
	Volume = 300


Breakpoint 6, 0x00000000004006d8 in printPyramid ()
1: $pc = (void (*)()) 0x4006d8 <printPyramid+20>
(gdb) c
Continuing.
Pyramid cheops
	Center = (0, 0) 
	Base width = 15 Base length = 15
	Height = 18
	Volume = 1350


Breakpoint 5, 0x0000000000400710 in equalSize ()
1: $pc = (void (*)()) 0x400710 <equalSize+16>
(gdb) x/6ud $sp+16 
0xfffffffff130:	-3728	65535	-1084900956	65535
0xfffffffff140:	0	0
(gdb) 
0xfffffffff148:	10
(gdb) 
0xfffffffff14c:	10
(gdb) 
0xfffffffff150:	9
(gdb) 
0xfffffffff154:	300
(gdb) 
0xfffffffff158:	0
(gdb) 
0xfffffffff15c:	0
(gdb) 
0xfffffffff160:	15
(gdb) 
0xfffffffff164:	15
(gdb) 
0xfffffffff168:	18
(gdb) 
0xfffffffff16c:	1350
(gdb) 
0xfffffffff170:	0
(gdb) c
Continuing.

Breakpoint 4, 0x0000000000400760 in expand ()
1: $pc = (void (*)()) 0x400760 <expand+12>
(gdb) c
Continuing.

Breakpoint 3, 0x00000000004007ac in relocate ()
1: $pc = (void (*)()) 0x4007ac <relocate+12>
(gdb) c
Continuing.

Breakpoint 3, 0x00000000004007ac in relocate ()
1: $pc = (void (*)()) 0x4007ac <relocate+12>
(gdb) c
Continuing.

New pyramid values:

Breakpoint 6, 0x00000000004006d8 in printPyramid ()
1: $pc = (void (*)()) 0x4006d8 <printPyramid+20>
(gdb) c
Continuing.
Pyramid khafre
	Center = (-23, 17) 
	Base width = 10 Base length = 10
	Height = 9
	Volume = 300


Breakpoint 6, 0x00000000004006d8 in printPyramid ()
1: $pc = (void (*)()) 0x4006d8 <printPyramid+20>
(gdb) ni
0x00000000004006dc in printPyramid ()
1: $pc = (void (*)()) 0x4006dc <printPyramid+24>
(gdb) ni
0x00000000004006e0 in printPyramid ()
1: $pc = (void (*)()) 0x4006e0 <printPyramid+28>
(gdb) ni
0x00000000004006e4 in printPyramid ()
1: $pc = (void (*)()) 0x4006e4 <printPyramid+32>
(gdb) ni
0x00000000004006e8 in printPyramid ()
1: $pc = (void (*)()) 0x4006e8 <printPyramid+36>
(gdb) ni
0x00000000004006ec in printPyramid ()
1: $pc = (void (*)()) 0x4006ec <printPyramid+40>
(gdb) 
0x00000000004006f0 in printPyramid ()
1: $pc = (void (*)()) 0x4006f0 <printPyramid+44>
(gdb) ni
Pyramid cheops
	Center = (27, -10) 
	Base width = 135 Base length = 135
	Height = 162
	Volume = 984150

0x00000000004006f4 in printPyramid ()
1: $pc = (void (*)()) 0x4006f4 <printPyramid+48>
(gdb) NI
Undefined command: "NI".  Try "help".
(gdb) NI[K[Kni
0x00000000004006f8 in printPyramid ()
1: $pc = (void (*)()) 0x4006f8 <printPyramid+52>
(gdb) ni
0x00000000004006fc in printPyramid ()
1: $pc = (void (*)()) 0x4006fc <printPyramid+56>
(gdb) ni
0x0000000000400894 in done ()
1: $pc = (void (*)()) 0x400894 <done>
(gdb) x/6ud $sp+16 
0xfffffffff140:	-23	17	10	10
0xfffffffff150:	9	300
(gdb) 
0xfffffffff158:	27
(gdb) 
0xfffffffff15c:	-10
(gdb) 
0xfffffffff160:	135
(gdb) 
0xfffffffff164:	135
(gdb) 
0xfffffffff168:	162
(gdb) 
0xfffffffff16c:	984150
(gdb) 
0xfffffffff170:	0
(gdb) 
0xfffffffff174:	0
(gdb) c
Continuing.
[Inferior 1 (process 5607) exited normally]
(gdb) quit
]0;brandon.nguyen1@csa1:~/as4brandon.nguyen1@csa1:~/as4$ exit
exit

Script done on 2020-03-20 15:47:08-06:00
